INFO:     Will watch for changes in these directories: ['/Users/plutarquejdestine/module10-fastapi-is601']
INFO:     Uvicorn running on http://127.0.0.1:8000 (Press CTRL+C to quit)
INFO:     Started reloader process [24923] using StatReload
INFO:     Started server process [24926]
INFO:     Waiting for application startup.
INFO:     Application startup complete.
INFO:     127.0.0.1:51170 - "GET /calculations-page HTTP/1.1" 200 OK
2026-07-25 14:46:19,320 INFO sqlalchemy.engine.Engine select pg_catalog.version()
INFO:sqlalchemy.engine.Engine:select pg_catalog.version()
2026-07-25 14:46:19,321 INFO sqlalchemy.engine.Engine [raw sql] {}
INFO:sqlalchemy.engine.Engine:[raw sql] {}
2026-07-25 14:46:19,322 INFO sqlalchemy.engine.Engine select current_schema()
INFO:sqlalchemy.engine.Engine:select current_schema()
2026-07-25 14:46:19,322 INFO sqlalchemy.engine.Engine [raw sql] {}
INFO:sqlalchemy.engine.Engine:[raw sql] {}
2026-07-25 14:46:19,323 INFO sqlalchemy.engine.Engine show standard_conforming_strings
INFO:sqlalchemy.engine.Engine:show standard_conforming_strings
2026-07-25 14:46:19,323 INFO sqlalchemy.engine.Engine [raw sql] {}
INFO:sqlalchemy.engine.Engine:[raw sql] {}
2026-07-25 14:46:19,323 INFO sqlalchemy.engine.Engine BEGIN (implicit)
INFO:sqlalchemy.engine.Engine:BEGIN (implicit)
2026-07-25 14:46:19,325 INFO sqlalchemy.engine.Engine SELECT calculations.id AS calculations_id, calculations.a AS calculations_a, calculations.b AS calculations_b, calculations.type AS calculations_type, calculations.result AS calculations_result, calculations.created_at AS calculations_created_at 
FROM calculations ORDER BY calculations.created_at DESC
INFO:sqlalchemy.engine.Engine:SELECT calculations.id AS calculations_id, calculations.a AS calculations_a, calculations.b AS calculations_b, calculations.type AS calculations_type, calculations.result AS calculations_result, calculations.created_at AS calculations_created_at 
FROM calculations ORDER BY calculations.created_at DESC
2026-07-25 14:46:19,325 INFO sqlalchemy.engine.Engine [generated in 0.00010s] {}
INFO:sqlalchemy.engine.Engine:[generated in 0.00010s] {}
2026-07-25 14:46:19,326 INFO sqlalchemy.engine.Engine ROLLBACK
INFO:sqlalchemy.engine.Engine:ROLLBACK
INFO:     127.0.0.1:51170 - "GET /calculations HTTP/1.1" 500 Internal Server Error
ERROR:    Exception in ASGI application
Traceback (most recent call last):
  File "/Users/plutarquejdestine/module10-fastapi-is601/venv/lib/python3.12/site-packages/sqlalchemy/engine/base.py", line 1967, in _exec_single_context
    self.dialect.do_execute(
  File "/Users/plutarquejdestine/module10-fastapi-is601/venv/lib/python3.12/site-packages/sqlalchemy/engine/default.py", line 941, in do_execute
    cursor.execute(statement, parameters)
psycopg2.errors.UndefinedTable: relation "calculations" does not exist
LINE 2: FROM calculations ORDER BY calculations.created_at DESC
             ^


The above exception was the direct cause of the following exception:

Traceback (most recent call last):
  File "/Users/plutarquejdestine/module10-fastapi-is601/venv/lib/python3.12/site-packages/uvicorn/protocols/http/h11_impl.py", line 406, in run_asgi
    result = await app(  # type: ignore[func-returns-value]
             ^^^^^^^^^^^^^^^^^^^^^^^^^^^^^^^^^^^^^^^^^^^^^^
  File "/Users/plutarquejdestine/module10-fastapi-is601/venv/lib/python3.12/site-packages/uvicorn/middleware/proxy_headers.py", line 60, in __call__
    return await self.app(scope, receive, send)
           ^^^^^^^^^^^^^^^^^^^^^^^^^^^^^^^^^^^^
  File "/Users/plutarquejdestine/module10-fastapi-is601/venv/lib/python3.12/site-packages/fastapi/applications.py", line 1054, in __call__
    await super().__call__(scope, receive, send)
  File "/Users/plutarquejdestine/module10-fastapi-is601/venv/lib/python3.12/site-packages/starlette/applications.py", line 113, in __call__
    await self.middleware_stack(scope, receive, send)
  File "/Users/plutarquejdestine/module10-fastapi-is601/venv/lib/python3.12/site-packages/starlette/middleware/errors.py", line 187, in __call__
    raise exc
  File "/Users/plutarquejdestine/module10-fastapi-is601/venv/lib/python3.12/site-packages/starlette/middleware/errors.py", line 165, in __call__
    await self.app(scope, receive, _send)
  File "/Users/plutarquejdestine/module10-fastapi-is601/venv/lib/python3.12/site-packages/starlette/middleware/exceptions.py", line 62, in __call__
    await wrap_app_handling_exceptions(self.app, conn)(scope, receive, send)
  File "/Users/plutarquejdestine/module10-fastapi-is601/venv/lib/python3.12/site-packages/starlette/_exception_handler.py", line 53, in wrapped_app
    raise exc
  File "/Users/plutarquejdestine/module10-fastapi-is601/venv/lib/python3.12/site-packages/starlette/_exception_handler.py", line 42, in wrapped_app
    await app(scope, receive, sender)
  File "/Users/plutarquejdestine/module10-fastapi-is601/venv/lib/python3.12/site-packages/starlette/routing.py", line 715, in __call__
    await self.middleware_stack(scope, receive, send)
  File "/Users/plutarquejdestine/module10-fastapi-is601/venv/lib/python3.12/site-packages/starlette/routing.py", line 735, in app
    await route.handle(scope, receive, send)
  File "/Users/plutarquejdestine/module10-fastapi-is601/venv/lib/python3.12/site-packages/starlette/routing.py", line 288, in handle
    await self.app(scope, receive, send)
  File "/Users/plutarquejdestine/module10-fastapi-is601/venv/lib/python3.12/site-packages/starlette/routing.py", line 76, in app
    await wrap_app_handling_exceptions(app, request)(scope, receive, send)
  File "/Users/plutarquejdestine/module10-fastapi-is601/venv/lib/python3.12/site-packages/starlette/_exception_handler.py", line 53, in wrapped_app
    raise exc
  File "/Users/plutarquejdestine/module10-fastapi-is601/venv/lib/python3.12/site-packages/starlette/_exception_handler.py", line 42, in wrapped_app
    await app(scope, receive, sender)
  File "/Users/plutarquejdestine/module10-fastapi-is601/venv/lib/python3.12/site-packages/starlette/routing.py", line 73, in app
    response = await f(request)
               ^^^^^^^^^^^^^^^^
  File "/Users/plutarquejdestine/module10-fastapi-is601/venv/lib/python3.12/site-packages/fastapi/routing.py", line 301, in app
    raw_response = await run_endpoint_function(
                   ^^^^^^^^^^^^^^^^^^^^^^^^^^^^
  File "/Users/plutarquejdestine/module10-fastapi-is601/venv/lib/python3.12/site-packages/fastapi/routing.py", line 214, in run_endpoint_function
    return await run_in_threadpool(dependant.call, **values)
           ^^^^^^^^^^^^^^^^^^^^^^^^^^^^^^^^^^^^^^^^^^^^^^^^^
  File "/Users/plutarquejdestine/module10-fastapi-is601/venv/lib/python3.12/site-packages/starlette/concurrency.py", line 39, in run_in_threadpool
    return await anyio.to_thread.run_sync(func, *args)
           ^^^^^^^^^^^^^^^^^^^^^^^^^^^^^^^^^^^^^^^^^^^
  File "/Users/plutarquejdestine/module10-fastapi-is601/venv/lib/python3.12/site-packages/anyio/to_thread.py", line 56, in run_sync
    return await get_async_backend().run_sync_in_worker_thread(
           ^^^^^^^^^^^^^^^^^^^^^^^^^^^^^^^^^^^^^^^^^^^^^^^^^^^^
  File "/Users/plutarquejdestine/module10-fastapi-is601/venv/lib/python3.12/site-packages/anyio/_backends/_asyncio.py", line 2441, in run_sync_in_worker_thread
    return await future
           ^^^^^^^^^^^^
  File "/Users/plutarquejdestine/module10-fastapi-is601/venv/lib/python3.12/site-packages/anyio/_backends/_asyncio.py", line 943, in run
    result = context.run(func, *args)
             ^^^^^^^^^^^^^^^^^^^^^^^^
  File "/Users/plutarquejdestine/module10-fastapi-is601/app/routes/calculations.py", line 23, in browse_calculations
    return db.query(Calculation).order_by(Calculation.created_at.desc()).all()
           ^^^^^^^^^^^^^^^^^^^^^^^^^^^^^^^^^^^^^^^^^^^^^^^^^^^^^^^^^^^^^^^^^^^
  File "/Users/plutarquejdestine/module10-fastapi-is601/venv/lib/python3.12/site-packages/sqlalchemy/orm/query.py", line 2673, in all
    return self._iter().all()  # type: ignore
           ^^^^^^^^^^^^
  File "/Users/plutarquejdestine/module10-fastapi-is601/venv/lib/python3.12/site-packages/sqlalchemy/orm/query.py", line 2827, in _iter
    result: Union[ScalarResult[_T], Result[_T]] = self.session.execute(
                                                  ^^^^^^^^^^^^^^^^^^^^^
  File "/Users/plutarquejdestine/module10-fastapi-is601/venv/lib/python3.12/site-packages/sqlalchemy/orm/session.py", line 2362, in execute
    return self._execute_internal(
           ^^^^^^^^^^^^^^^^^^^^^^^
  File "/Users/plutarquejdestine/module10-fastapi-is601/venv/lib/python3.12/site-packages/sqlalchemy/orm/session.py", line 2247, in _execute_internal
    result: Result[Any] = compile_state_cls.orm_execute_statement(
                          ^^^^^^^^^^^^^^^^^^^^^^^^^^^^^^^^^^^^^^^^
  File "/Users/plutarquejdestine/module10-fastapi-is601/venv/lib/python3.12/site-packages/sqlalchemy/orm/context.py", line 305, in orm_execute_statement
    result = conn.execute(
             ^^^^^^^^^^^^^
  File "/Users/plutarquejdestine/module10-fastapi-is601/venv/lib/python3.12/site-packages/sqlalchemy/engine/base.py", line 1418, in execute
    return meth(
           ^^^^^
  File "/Users/plutarquejdestine/module10-fastapi-is601/venv/lib/python3.12/site-packages/sqlalchemy/sql/elements.py", line 515, in _execute_on_connection
    return connection._execute_clauseelement(
           ^^^^^^^^^^^^^^^^^^^^^^^^^^^^^^^^^^
  File "/Users/plutarquejdestine/module10-fastapi-is601/venv/lib/python3.12/site-packages/sqlalchemy/engine/base.py", line 1640, in _execute_clauseelement
    ret = self._execute_context(
          ^^^^^^^^^^^^^^^^^^^^^^
  File "/Users/plutarquejdestine/module10-fastapi-is601/venv/lib/python3.12/site-packages/sqlalchemy/engine/base.py", line 1846, in _execute_context
    return self._exec_single_context(
           ^^^^^^^^^^^^^^^^^^^^^^^^^^
  File "/Users/plutarquejdestine/module10-fastapi-is601/venv/lib/python3.12/site-packages/sqlalchemy/engine/base.py", line 1986, in _exec_single_context
    self._handle_dbapi_exception(
  File "/Users/plutarquejdestine/module10-fastapi-is601/venv/lib/python3.12/site-packages/sqlalchemy/engine/base.py", line 2355, in _handle_dbapi_exception
    raise sqlalchemy_exception.with_traceback(exc_info[2]) from e
  File "/Users/plutarquejdestine/module10-fastapi-is601/venv/lib/python3.12/site-packages/sqlalchemy/engine/base.py", line 1967, in _exec_single_context
    self.dialect.do_execute(
  File "/Users/plutarquejdestine/module10-fastapi-is601/venv/lib/python3.12/site-packages/sqlalchemy/engine/default.py", line 941, in do_execute
    cursor.execute(statement, parameters)
sqlalchemy.exc.ProgrammingError: (psycopg2.errors.UndefinedTable) relation "calculations" does not exist
LINE 2: FROM calculations ORDER BY calculations.created_at DESC
             ^

[SQL: SELECT calculations.id AS calculations_id, calculations.a AS calculations_a, calculations.b AS calculations_b, calculations.type AS calculations_type, calculations.result AS calculations_result, calculations.created_at AS calculations_created_at 
FROM calculations ORDER BY calculations.created_at DESC]
(Background on this error at: https://sqlalche.me/e/20/f405)
2026-07-25 14:46:26,359 INFO sqlalchemy.engine.Engine BEGIN (implicit)
INFO:sqlalchemy.engine.Engine:BEGIN (implicit)
2026-07-25 14:46:26,360 INFO sqlalchemy.engine.Engine INSERT INTO calculations (id, a, b, type, result, created_at) VALUES (%(id)s::UUID, %(a)s, %(b)s, %(type)s, %(result)s, %(created_at)s)
INFO:sqlalchemy.engine.Engine:INSERT INTO calculations (id, a, b, type, result, created_at) VALUES (%(id)s::UUID, %(a)s, %(b)s, %(type)s, %(result)s, %(created_at)s)
2026-07-25 14:46:26,360 INFO sqlalchemy.engine.Engine [generated in 0.00015s] {'id': UUID('df1219ba-7f2e-4afe-8161-eaa49f9c51f4'), 'a': 5.0, 'b': 3.0, 'type': 'Add', 'result': 8.0, 'created_at': datetime.datetime(2026, 7, 25, 18, 46, 26, 360711)}
INFO:sqlalchemy.engine.Engine:[generated in 0.00015s] {'id': UUID('df1219ba-7f2e-4afe-8161-eaa49f9c51f4'), 'a': 5.0, 'b': 3.0, 'type': 'Add', 'result': 8.0, 'created_at': datetime.datetime(2026, 7, 25, 18, 46, 26, 360711)}
2026-07-25 14:46:26,362 INFO sqlalchemy.engine.Engine ROLLBACK
INFO:sqlalchemy.engine.Engine:ROLLBACK
ERROR:main:HTTPException on /calculations: Unable to create calculation
INFO:     127.0.0.1:51171 - "POST /calculations HTTP/1.1" 500 Internal Server Error
INFO:     Shutting down
INFO:     Waiting for application shutdown.
INFO:     Application shutdown complete.
INFO:     Finished server process [24926]
INFO:     Stopping reloader process [24923]
